// Jest Snapshot v1, https://goo.gl/fbAQLP

exports[`GET /single-post/:topicId It should match snapshot 1`] = `
"<!--
 Name: sam-and-his-friends v6.0.0
 Description: An express application extrac discourse data from renzhen1024.com
 Copyright: (c) 2019 tningjs
 License: MIT
 https://github.com/tningjs/sam-and-his-friends
 -->

<!DOCTYPE html>
<html>
	<head>
		<!-- Global site tag (gtag.js) - Google Analytics -->
		<script
			async
			src=\\"https://www.googletagmanager.com/gtag/js?id=UA-135903447-3\\"
		></script>
		<script>
			window.dataLayer = window.dataLayer || [];
			function gtag() {
				dataLayer.push(arguments);
			}
			gtag('js', new Date());

			gtag('config', 'UA-135903447-3');
		</script>
		<title>北美山姆哥 | R&amp;D, Designer 和 Engineer的区别</title>
		<meta charset=\\"utf-8\\" />
		<meta
			name=\\"viewport\\"
			content=\\"width=device-width, initial-scale=1, user-scalable=no\\"
		/>
		<meta name=\\"description\\" content=深入了解一个国家，需要从三个层面：底部的文化逻辑（根）到中间的管理制度（树干）再到最上面的器物科技（果子）。三者相辅相成，缺一不可。其中文化逻辑是最关键的，很多当下中美之间的误解，都源自于背后的文化逻辑不同。不同的逻辑观念下，即使建立了相同的制度，也很难执行出相同的结果，即使引进了相同的器物科技，也很难让拿来的科技器物保持住发展创新。通过《山姆哥和他的朋友们》这网站平台，山姆哥及其他在美国的朋友，一起从这三个层面上来分享他们在美国的所见所闻所感：第一类，文化逻辑。主要从宗教哲学层面，探讨美国人为什么会这么做？行为背后的思考逻辑是怎样的？第二类，管理制度。结合工作中的项目经历中，所看到的做事方式差异以及管理制度的不同；第三类，器物科技。主要是那些可能在中国不常见，但在美国很好用的工具和方法。第四类，案例分析。针对一些具体的代表性案例来分析讨论。>
			<meta property=og:type content=article />
			<meta property=og:url content=https://samandhisfriends.com/single-post/125 />
			<meta property=og:title content=R&amp;D, Designer 和 Engineer的区别 />
			<meta property=og:description content=最近刚刚了解到R&amp;D， Designer和engineer工作定位是不一样的，至少在机械制造业是有区别的，简单来说，就如同建筑行业里，分别对应的 建筑画家、建筑设计师和土木工程师。
		R&amp;D，全称是research and development。一般属于比较前沿的研究，跟学校里的研究单位有点接近。都... />
			<meta property=og:image content=https://samandhisfriends.com/images/post-og-image.jpg />
			<meta property=twitter:title content=R&amp;D, Designer 和 Engineer的区别 />
			<meta property=twitter:description content=最近刚刚了解到R&amp;D， Designer和engineer工作定位是不一样的，至少在机械制造业是有区别的，简单来说，就如同建筑行业里，分别对应的 建筑画家、建筑设计师和土木工程师。
		R&amp;D，全称是research and development。一般属于比较前沿的研究，跟学校里的研究单位有点接近。都... />
			<meta property=twitter:image content=https://samandhisfriends.com/images/post-og-image.jpg />
			<meta property=og:locale content=zh-CN />
			<meta property=fb:app_id content=381747502434242 />
			<meta property=twitter:card content=summary_large_image />
			<meta property=twitter:site content=@renzhen1024 />
			<meta property=twitter:creator content=@renzhen1024 />

		<link rel=\\"icon\\" type=\\"image/png\\" href=\\"/images/favicon/favicon.ico\\" />
		<link rel=\\"apple-touch-icon\\" href=\\"/images/favicon/apple-touch-icon.png\\">
		<link rel=\\"manifest\\" href=\\"/images/favicon/site.webmanifest\\" />
		<link rel=\\"stylesheet\\" href=\\"/assets/sass/main_dfca217ed8.css\\" />
	</head>
	<body class=\\"is-preload single\\">
		<div id=\\"wrapper\\">
			<header id=\\"header\\">
			  <h1>
			    <a href=\\"/\\">
			      <div class=\\"header__image-container\\">
			        <img class=\\"header__image\\" src=\\"/images/logo.png\\" alt=\\"\\" />
			      </div>
			    </a>
			  </h1>
			  <nav class=\\"main\\">
			    <ul>
			      <li class=\\"menu\\">
			        <a class=\\"fa-bars\\" href=\\"#menu\\">
			          Menu
			        </a>
			      </li>
			    </ul>
			  </nav>
			</header>
			<section id=\\"menu\\">
			  <section>
					<h2>分类浏览</h2>
			    <ul class=\\"links\\">
			        <li>
			          <a href=\\"/?subcategory=文化逻辑\\">
			            <h3>
			              文化逻辑
			            </h3>
			            <p>
			              关于文化逻辑的分类
			            </p>
			          </a>
			        </li>
			        <li>
			          <a href=\\"/?subcategory=管理制度\\">
			            <h3>
			              管理制度
			            </h3>
			            <p>
			              关于管理制度的分类
			            </p>
			          </a>
			        </li>
			        <li>
			          <a href=\\"/?subcategory=器物科技\\">
			            <h3>
			              器物科技
			            </h3>
			            <p>
			              关于器物科技的分类
			            </p>
			          </a>
			        </li>
			        <li>
			          <a href=\\"/?subcategory=案例分享\\">
			            <h3>
			              案例分享
			            </h3>
			            <p>
			              关于案例分享的分类
			            </p>
			          </a>
			        </li>
			    </ul>
			  </section>
			</section>
			<div id=\\"main\\">
	<article class=\\"post\\">
		<header>
			<div class=\\"title\\">
				<h2>
					R&amp;D, Designer 和 Engineer的区别
				</h2>
				<p>		<a href=/>
			<span class=\\"tag\\" style=\\"background-color:#8C6238;\\">山姆哥</span>
		</a>
</p>
			</div>
			<div class=\\"meta\\">
				<time class=\\"published\\" datetime=2019-04-17T19:21:23.536Z>
					2019年4月17日
				</time>
				<a
					href=https://renzhen1024.com/u/Vivian/summary
					class=\\"author\\"
					target=\\"_blank\\"
				>
					<span class=\\"name\\">
						@Vivian
					</span>
					<img src=\\"https://renzhen1024.com/user_avatar/renzhen1024.com/vivian/240/40_2.png\\" alt=\\"\\" />
				</a>
			</div>
		</header>
		<div class=\\"single-post-content\\"><p>最近刚刚了解到R&amp;D， Designer和engineer工作定位是不一样的，至少在机械制造业是有区别的，简单来说，就如同建筑行业里，分别对应的 建筑画家、建筑设计师和土木工程师。</p>
<p>R&amp;D，全称是research and development。一般属于比较前沿的研究，跟学校里的研究单位有点接近。都是对未来行业的一些探索，不以商业利益为主要目标。从事这样的职位，可以接触到最前沿的理念，也有对本行业很宽阔的视野。缺点是，对于企业往往都是锦上添花，所以遇到危机时，会优先裁掉。</p>
<p>Designer，在制造领域的设计师，更多是针对市场上的具体需求，或者是潜在需求，应用已经相对成熟的技术，来设计出满足这一需求的方案。同时兼顾用户体验、生产成本、安装组装制造可行性等等。</p>
<p>而对于Engineer，定义要广泛的多。虽然很多企业Engineer跟designer工作范围是有些重合的，但两者的工作范围还是很容易区分的开的。或者说designer可以叫做engineer，但并不是每个engineer都可以design的。</p>
<p>个人作为机械工程师的体验是，所做过的project可以分为两类，一类是工作内容相对确定，比如安装一台冷却机，从layout到utility供给，从选型到估价，从安装到调试，其实每一步都相对确定，需要的只是去实施，在这中间会遇到各种各样的技术挑战。这类工程师的工作，更多的是协调和管理；但另一类是完全不确定的项目，更接近从一个概念变为现实，需要自己在市面上找所需要的零件和成熟的技术，最终做成成品，这个过程需要不断地推倒重来，变更设计，范围不确定，成本不确定，时间也会常常变动，往往需要分期来推进。</p>
<p>不知道大家怎么看？我个人观点是，如果喜欢理论研究，或者怀有纯粹的技术理想，就去R&amp;D部门或者高效，搞偏理论的前沿研究。如果喜欢动手应用和发明实用的创造，就做designer；如果是喜欢跟人打交道，喜欢协调资源，可以做更接近生产和客户的engineer。</p></div>
		<footer>
			<ul class=\\"stats\\">
				<li>Reads: 13</li>
				<li>
					<a href=\\"#\\" class=\\"icon fa-heart\\">
						1
					</a>
				</li>
				<li>
					<a href=\\"#\\" class=\\"icon fa-comment\\">
						3
					</a>
				</li>
			</ul>
		</footer>
	</article>

			<h3>山姆哥和小伙伴们的评论：</h3>

		<article class=\\"post comment\\">
		  <header class=\\"comment-header\\">
		    <div class=\\"comment-meta\\">
		      <time class=\\"published\\" datetime=2019-04-18T19:42:35.539Z>
		        2019年4月18日
		      </time>
		      <a href=https://renzhen1024.com/u/tningjs/summary class=\\"author comment-author\\" target=\\"_blank\\">
		        <span class=\\"name\\">
		          Tao Ning
		        </span>
		        <img src=\\"https://renzhen1024.com/user_avatar/renzhen1024.com/tningjs/240/14_2.png\\" alt=\\"\\" />
		      </a>
		    </div>
		    <div class=\\"title comment-content\\">
		      <p>在互联网行业也有这三个不同的职位，但是R&amp;D的意义很广泛，一般从事产品开发的都属于R&amp;D（其他部门还有HR，Sales，Marketing）。</p>
		<p>一般的工作流程是：由Project Manger来确定应该做什么feature<br>
		，Designer设计feature如何展现，包括图标、页面以及用户的交互等，Engineer则负责通过代码实现Desiner的设计。另外，团队一般还有Data Scientist，他们通过用户交互后产生的数据去决定这个feature是否成功，提出改进建议等。由于一个团队一般由6到10位Engineer，所以还有一个专职的Engineering Mananger来做管理工作。</p>
		    </div>
		  </header>
		</article>
</div>

<section id=\\"footer\\">
	<ul class=\\"icons\\">
		<li>
			<a href=\\"http://facebook.com\\" class=\\"fa-facebook\\">
				<span class=\\"label\\">
					Facebook
				</span>
			</a>
		</li>
		<li>
			<a href=\\"http://twitter.com\\" class=\\"fa-twitter\\">
				<span class=\\"label\\">
					Twitter
				</span>
			</a>
		</li>
		<li>
			<a href=\\"https://www.instagram.com\\" class=\\"fa-instagram\\">
				<span class=\\"label\\">
					Instagram
				</span>
			</a>
		</li>
		<li>
			<a href=\\"https://rss.com/\\" class=\\"fa-rss\\">
				<span class=\\"label\\">
					RSS
				</span>
			</a>
		</li>
		<li>
			<a href=\\"mailto:mountainsun1988@gmail.com\\" class=\\"fa-envelope\\">
				<span class=\\"label\\">
					Email
				</span>
			</a>
		</li>
	</ul>
	<p class=\\"copyright\\">
		© From:
		<a href=\\"https://renzhen1024.com\\" target=\\"_blank\\">renzhen1024.com</a>
	</p>
</section>

		</div>
		<script src=\\"/assets/js/bundle_5fe32d6bcd.js\\"></script>
	</body>
</html>
"
`;
